<html>
<body>
<pre>
<h1>礦ision Build Log</h1>
<h2>Tool Versions:</h2>
IDE-Version: μVision V5.14.0.0
Copyright (C) 2015 ARM Ltd and ARM Germany GmbH. All rights reserved.
License Information: asdasdfs fasdfsad, asdfsadf, LIC=DSNXV-PZRU2-LVF1I-T4BX3-QS64W-0RY2J
 
Tool Versions:
Toolchain:       MDK-ARM Professional  Version: 5.14.0.0
Toolchain Path:  E:\APP\Keil_v5\ARM\ARMCC\Bin
C Compiler:      Armcc.exe V5.05 update 1 (build 106)
Assembler:       Armasm.exe V5.05 update 1 (build 106)
Linker/Locator:  ArmLink.exe V5.05 update 1 (build 106)
Library Manager: ArmAr.exe V5.05 update 1 (build 106)
Hex Converter:   FromElf.exe V5.05 update 1 (build 106)
CPU DLL:         SARMCM3.DLL V5.14.0.0
Dialog DLL:      DARMSTM.DLL V1.65.0.0
Target DLL:      Segger\JL2CM3.dll V2.99.13.0
Dialog DLL:      TARMSTM.DLL V1.64.0.0
 
<h2>Project:</h2>
C:\Users\LIMING\Desktop\感测综设\ECG_Signal_Detector\2.Code\USER\Heart_Rate_Datector.uvprojx
Project File Date:  12/26/2020

<h2>Output:</h2>
Build target 'Target 1'
compiling main.c...
compiling stm32f10x_it.c...
compiling system_stm32f10x.c...
compiling key.c...
compiling spi.c...
compiling tftlcd.c...
..\HARDWARE\TFTLCD\tftlcd.c(792): warning:  #177-D: variable "x_point_position" was declared but never referenced
        u16 x_point_position=1;
..\HARDWARE\TFTLCD\tftlcd.c: 1 warning, 0 errors
compiling AD8232.c...
compiling adc.c...
compiling timer.c...
..\HARDWARE\TIM\timer.c(159): warning:  #177-D: variable "NVIC_InitStruct" was declared but never referenced
        NVIC_InitTypeDef NVIC_InitStruct;
..\HARDWARE\TIM\timer.c: 1 warning, 0 errors
compiling delay.c...
compiling sys.c...
compiling usart.c...
compiling core_cm3.c...
assembling startup_stm32f10x_hd.s...
compiling stm32f10x_gpio.c...
compiling stm32f10x_rcc.c...
compiling stm32f10x_usart.c...
compiling misc.c...
compiling stm32f10x_spi.c...
compiling stm32f10x_adc.c...
compiling stm32f10x_tim.c...
linking...
Program Size: Code=16992 RO-data=59076 RW-data=84 ZI-data=3244  
FromELF: creating hex file...
"..\OBJ\Heart_Rate_Datector.axf" - 0 Error(s), 2 Warning(s).

<h2>Collection of Component include folders:</h2>
  C:\Users\LIMING\Desktop\感测综设\ECG_Signal_Detector\2.Code\USER\RTE
  E:\APP\Keil_v5\ARM\PACK\Keil\STM32F1xx_DFP\1.0.5\Device\Include

<h2>Collection of Component Files used:</h2>
</pre>
</body>
</html>
